---
source: tests/test.rs
expression: file

---
File(
  package: Package(
    name: "com.bwa.aidl_test",
    symbol_range: "...",
  ),
  imports: [
    Package(
      name: "com.bwa.aidl_test.MyEnum",
      symbol_range: "...",
    ),
    Package(
      name: "com.bwa.aidl_test.MyParcelable",
      symbol_range: "...",
    ),
  ],
  item: Interface(Interface(
    name: "MyInterface",
    elements: [
      Method(Method(
        oneway: true,
        name: "hello",
        return_type: Type(
          name: "void",
          kind: Void,
          generic_types: [],
          definition: None,
          symbol_range: "...",
        ),
        args: [
          Arg(
            direction: Unspecified,
            name: Some("e"),
            arg_type: Type(
              name: "MyEnum",
              kind: Custom,
              generic_types: [],
              definition: None,
              symbol_range: "...",
            ),
            doc: None,
            annotations: [],
          ),
        ],
        annotations: [],
        doc: None,
        symbol_range: "...",
        full_range: "...",
      )),
      Method(Method(
        oneway: false,
        name: "get_name",
        return_type: Type(
          name: "String",
          kind: String,
          generic_types: [],
          definition: None,
          symbol_range: "...",
        ),
        args: [
          Arg(
            direction: Unspecified,
            name: None,
            arg_type: Type(
              name: "MyParcelable",
              kind: Custom,
              generic_types: [],
              definition: None,
              symbol_range: "...",
            ),
            doc: None,
            annotations: [],
          ),
        ],
        annotations: [],
        doc: None,
        symbol_range: "...",
        full_range: "...",
      )),
    ],
    annotations: [],
    doc: None,
    full_range: "...",
    symbol_range: "...",
  )),
)
