---
source: tests/test.rs
expression: "res[0].file.as_ref().unwrap()"

---
File(
  package: Package(
    name: "com.bwa.aidl_test",
    symbol_range: "...",
  ),
  imports: [
    Import(
      path: "com.bwa.aidl_test",
      name: "MyParcelable",
      symbol_range: "...",
    ),
    Import(
      path: "com.bwa.aidl_test",
      name: "MyParcelable",
      symbol_range: "...",
    ),
    Import(
      path: "com.bwa.aidl_test",
      name: "NonExisting",
      symbol_range: "...",
    ),
    Import(
      path: "com.bwa.aidl_test",
      name: "UnusedEnum",
      symbol_range: "...",
    ),
  ],
  item: Interface(Interface(
    name: "MyInterface",
    elements: [
      Method(Method(
        oneway: false,
        name: "get_name",
        return_type: Type(
          name: "String",
          kind: String,
          generic_types: [],
          definition: None,
          symbol_range: "...",
        ),
        args: [
          Arg(
            direction: Unspecified,
            name: None,
            arg_type: Type(
              name: "MyParcelable",
              kind: Custom,
              generic_types: [],
              definition: Some("com.bwa.aidl_test.MyParcelable"),
              symbol_range: "...",
            ),
            doc: None,
            annotations: [],
          ),
        ],
        annotations: [],
        doc: None,
        symbol_range: "...",
        full_range: "...",
      )),
    ],
    annotations: [],
    doc: None,
    full_range: "...",
    symbol_range: "...",
  )),
)
