---
source: src/rules.rs
expression: res

---
Parcelable(
  name: "Tomato",
  members: [
    Member(
      name: "member1",
      member_type: Type(
        name: "int",
        kind: Primitive,
        symbol_range: "...",
      ),
      symbol_range: "...",
      full_range: "...",
    ),
    Member(
      name: "member3",
      member_type: Type(
        name: "String",
        kind: String,
        symbol_range: "...",
      ),
      symbol_range: "...",
      full_range: "...",
    ),
  ],
  full_range: "...",
  symbol_range: "...",
)
