---
source: src/ast.rs
expression: "rules::constant(input, &lookup(input))?"

---
Const(Const(
  name: "CONST_NAME",
  const_type: Type(
    name: "TypeName",
    kind: Custom,
    generic_types: [],
    definition: None,
    symbol_range: Range(
      start: Position(
        offset: 22,
        line_col: (1, 23),
      ),
      end: Position(
        offset: 30,
        line_col: (1, 31),
      ),
    ),
  ),
  value: "123",
  symbol_range: Range(
    start: Position(
      offset: 31,
      line_col: (1, 32),
    ),
    end: Position(
      offset: 41,
      line_col: (1, 42),
    ),
  ),
  full_range: Range(
    start: Position(
      offset: 16,
      line_col: (1, 17),
    ),
    end: Position(
      offset: 48,
      line_col: (1, 49),
    ),
  ),
))
