---
source: src/rules.rs
assertion_line: 386
expression: res

---
Method(
  oneway: false,
  name: "myMethod",
  return_type: Type(
    name: "TypeName",
    kind: custom,
    symbol_range: "...",
  ),
  args: [
    Arg(
      name: Some("arg"),
      type: Type(
        name: "ArgType",
        kind: custom,
        symbol_range: "...",
      ),
      symbol_range: "...",
      full_range: "...",
    ),
  ],
  symbol_range: "...",
  full_range: "...",
  value_range: "...",
  oneway_range: "...",
)
