---
source: src/rules.rs
expression: res

---
Type(
  name: "Array",
  kind: Array,
  generic_types: [
    Type(
      name: "Array",
      kind: Array,
      generic_types: [
        Type(
          name: "int",
          kind: Primitive,
          symbol_range: "...",
        ),
      ],
      symbol_range: "...",
    ),
  ],
  symbol_range: "...",
)
