---
source: src/rules.rs
expression: res

---
Method(
  oneway: false,
  name: "myMethod",
  return_type: Type(
    name: "TypeName",
    kind: Custom,
    symbol_range: "...",
  ),
  args: [],
  value: Some(123),
  value_range: Range(
    start: Position(
      offset: 20,
      line_col: (1, 21),
    ),
    end: Position(
      offset: 25,
      line_col: (1, 26),
    ),
  ),
  symbol_range: "...",
  full_range: "...",
)
