---
source: src/rules.rs
expression: res

---
Interface(
  name: "Potato",
  elements: [
    Const(Const(
      name: "const1",
      const_type: Type(
        name: "int",
        kind: Primitive,
        symbol_range: "...",
      ),
      value: "1",
      doc: Some("const1 documentation"),
      symbol_range: "...",
      full_range: "...",
    )),
    Method(Method(
      oneway: false,
      name: "method1",
      return_type: Type(
        name: "String",
        kind: String,
        symbol_range: "...",
      ),
      args: [],
      value_range: Range(
        start: Position(
          offset: 223,
          line_col: (10, 29),
        ),
        end: Position(
          offset: 223,
          line_col: (10, 29),
        ),
      ),
      doc: Some("method1 documentation"),
      symbol_range: "...",
      full_range: "...",
    )),
    Const(Const(
      name: "const2",
      const_type: Type(
        name: "String",
        kind: String,
        symbol_range: "...",
      ),
      value: "\"two\"",
      symbol_range: "...",
      full_range: "...",
    )),
    Method(Method(
      oneway: false,
      name: "method2",
      return_type: Type(
        name: "int",
        kind: Primitive,
        symbol_range: "...",
      ),
      args: [],
      value_range: Range(
        start: Position(
          offset: 296,
          line_col: (13, 26),
        ),
        end: Position(
          offset: 296,
          line_col: (13, 26),
        ),
      ),
      symbol_range: "...",
      full_range: "...",
    )),
  ],
  full_range: "...",
  symbol_range: "...",
)
