---
source: src/rules.rs
expression: res

---
Method(
  oneway: false,
  name: "myMethod",
  return_type: Type(
    name: "TypeName",
    kind: Custom,
    symbol_range: "...",
  ),
  args: [
    Arg(
      name: Some("arg"),
      arg_type: Type(
        name: "ArgType",
        kind: Custom,
        symbol_range: "...",
      ),
      symbol_range: "...",
      full_range: "...",
    ),
  ],
  value_range: Range(
    start: Position(
      offset: 30,
      line_col: (1, 31),
    ),
    end: Position(
      offset: 30,
      line_col: (1, 31),
    ),
  ),
  symbol_range: "...",
  full_range: "...",
)
