---
source: src/rules.rs
expression: res

---
Enum(
  name: "Paprika",
  elements: [
    EnumElement(
      name: "ELEMENT1",
      value: Some("3"),
      doc: Some("element1 documentation"),
      symbol_range: "...",
      full_range: "...",
    ),
    EnumElement(
      name: "ELEMENT2",
      value: Some("\"quattro\""),
      symbol_range: "...",
      full_range: "...",
    ),
    EnumElement(
      name: "ELEMENT3",
      symbol_range: "...",
      full_range: "...",
    ),
  ],
  full_range: "...",
  symbol_range: "...",
)
