---
source: src/ast.rs
expression: "rules::method(input, &lookup(input))?"

---
Method(Method(
  oneway: false,
  name: "myMethod",
  return_type: Type(
    name: "TypeName",
    kind: Custom,
    generic_types: [],
    definition: None,
    symbol_range: Range(
      start: Position(
        offset: 0,
        line_col: (1, 1),
      ),
      end: Position(
        offset: 8,
        line_col: (1, 9),
      ),
    ),
  ),
  args: [
    Arg(
      direction: Unspecified,
      name: None,
      arg_type: Type(
        name: "ArgType1",
        kind: Custom,
        generic_types: [],
        definition: None,
        symbol_range: Range(
          start: Position(
            offset: 18,
            line_col: (1, 19),
          ),
          end: Position(
            offset: 26,
            line_col: (1, 27),
          ),
        ),
      ),
      annotations: [],
    ),
    Arg(
      direction: Unspecified,
      name: Some("arg2"),
      arg_type: Type(
        name: "ArgType2",
        kind: Custom,
        generic_types: [],
        definition: None,
        symbol_range: Range(
          start: Position(
            offset: 28,
            line_col: (1, 29),
          ),
          end: Position(
            offset: 36,
            line_col: (1, 37),
          ),
        ),
      ),
      annotations: [],
    ),
    Arg(
      direction: Unspecified,
      name: None,
      arg_type: Type(
        name: "ArgType3",
        kind: Custom,
        generic_types: [],
        definition: None,
        symbol_range: Range(
          start: Position(
            offset: 43,
            line_col: (1, 44),
          ),
          end: Position(
            offset: 51,
            line_col: (1, 52),
          ),
        ),
      ),
      annotations: [],
    ),
  ],
  annotations: [],
  symbol_range: Range(
    start: Position(
      offset: 9,
      line_col: (1, 10),
    ),
    end: Position(
      offset: 17,
      line_col: (1, 18),
    ),
  ),
  full_range: Range(
    start: Position(
      offset: 0,
      line_col: (1, 1),
    ),
    end: Position(
      offset: 54,
      line_col: (1, 55),
    ),
  ),
))
