---
source: src/rules.rs
expression: res

---
Method(
  oneway: false,
  name: "myMethod",
  return_type: Type(
    name: "void",
    kind: Void,
    generic_types: [],
    definition: None,
    symbol_range: "...",
  ),
  args: [],
  annotations: [],
  value: Some(123),
  doc: Some("Method documentation"),
  symbol_range: "...",
  full_range: "...",
)
