---
source: src/rules.rs
expression: res

---
Interface(
  name: "Potato",
  elements: [
    Const(Const(
      name: "const1",
      const_type: Type(
        name: "int",
        kind: Primitive,
        generic_types: [],
        definition: None,
        symbol_range: "...",
      ),
      value: "1",
      annotations: [],
      doc: Some("const1 documentation"),
      symbol_range: "...",
      full_range: "...",
    )),
    Method(Method(
      oneway: false,
      name: "method1",
      return_type: Type(
        name: "String",
        kind: String,
        generic_types: [],
        definition: None,
        symbol_range: "...",
      ),
      args: [],
      annotations: [],
      value: None,
      doc: Some("method1 documentation"),
      symbol_range: "...",
      full_range: "...",
    )),
    Const(Const(
      name: "const2",
      const_type: Type(
        name: "String",
        kind: String,
        generic_types: [],
        definition: None,
        symbol_range: "...",
      ),
      value: "\"two\"",
      annotations: [],
      doc: None,
      symbol_range: "...",
      full_range: "...",
    )),
    Method(Method(
      oneway: false,
      name: "method2",
      return_type: Type(
        name: "int",
        kind: Primitive,
        generic_types: [],
        definition: None,
        symbol_range: "...",
      ),
      args: [],
      annotations: [],
      value: None,
      doc: None,
      symbol_range: "...",
      full_range: "...",
    )),
  ],
  annotations: [],
  doc: None,
  full_range: "...",
  symbol_range: "...",
)
