---
source: src/ast.rs
expression: "rules::method(input, &lookup(input))?"

---
Method(Method(
  oneway: true,
  name: "myMethod",
  return_type: Type(
    name: "TypeName",
    kind: Custom,
    generic_types: [],
    definition: None,
    symbol_range: Range(
      start: Position(
        offset: 7,
        line_col: (1, 8),
      ),
      end: Position(
        offset: 15,
        line_col: (1, 16),
      ),
    ),
  ),
  args: [],
  annotations: [],
  symbol_range: Range(
    start: Position(
      offset: 16,
      line_col: (1, 17),
    ),
    end: Position(
      offset: 24,
      line_col: (1, 25),
    ),
  ),
  full_range: Range(
    start: Position(
      offset: 0,
      line_col: (1, 1),
    ),
    end: Position(
      offset: 27,
      line_col: (1, 28),
    ),
  ),
))
