---
source: src/rules.rs
expression: res

---
Method(
  oneway: false,
  name: "myMethod",
  return_type: Type(
    name: "void",
    kind: Void,
    symbol_range: "...",
  ),
  args: [],
  value: Some(123),
  value_range: Range(
    start: Position(
      offset: 44,
      line_col: (1, 45),
    ),
    end: Position(
      offset: 49,
      line_col: (1, 50),
    ),
  ),
  doc: Some("Method documentation"),
  symbol_range: "...",
  full_range: "...",
)
