---
source: src/rules.rs
assertion_line: 56
expression: res

---
Some(Aidl(
  package: Package(
    name: "x.y.z",
    symbol_range: "...",
    full_range: "...",
  ),
  imports: [
    Import(
      path: "a.b",
      name: "c",
      symbol_range: "...",
      full_range: "...",
    ),
  ],
  item: interface(Interface(
    oneway: false,
    name: "MyInterface",
    elements: [],
    full_range: "...",
    symbol_range: "...",
  )),
))
