---
source: src/rules.rs
assertion_line: 655
expression: res

---
Type(
  name: "Map",
  kind: map,
  generic_types: [
    Type(
      name: "Key",
      kind: unresolved,
      symbol_range: "...",
      full_range: "...",
    ),
    Type(
      name: "List",
      kind: list,
      generic_types: [
        Type(
          name: "V",
          kind: unresolved,
          symbol_range: "...",
          full_range: "...",
        ),
      ],
      symbol_range: "...",
      full_range: "...",
    ),
  ],
  symbol_range: "...",
  full_range: "...",
)
