---
source: src/ast.rs
expression: "rules::method(input, &lookup(input))?"

---
Method(Method(
  oneway: false,
  name: "myMethod",
  return_type: Type(
    name: "TypeName",
    kind: Custom,
    generic_types: [],
    definition: None,
    symbol_range: Range(
      start: Position(
        offset: 0,
        line_col: (1, 1),
      ),
      end: Position(
        offset: 8,
        line_col: (1, 9),
      ),
    ),
  ),
  args: [
    Arg(
      direction: Unspecified,
      name: Some("arg"),
      arg_type: Type(
        name: "ArgType",
        kind: Custom,
        generic_types: [],
        definition: None,
        symbol_range: Range(
          start: Position(
            offset: 18,
            line_col: (1, 19),
          ),
          end: Position(
            offset: 25,
            line_col: (1, 26),
          ),
        ),
      ),
    ),
  ],
  symbol_range: Range(
    start: Position(
      offset: 9,
      line_col: (1, 10),
    ),
    end: Position(
      offset: 17,
      line_col: (1, 18),
    ),
  ),
  full_range: Range(
    start: Position(
      offset: 0,
      line_col: (1, 1),
    ),
    end: Position(
      offset: 32,
      line_col: (1, 33),
    ),
  ),
))
