---
source: src/rules.rs
expression: res
---
Parcelable(
  name: "Tomato",
  elements: [
    field(Field(
      name: "field1",
      type: Type(
        name: "int",
        kind: primitive,
        symbol_range: "...",
        full_range: "...",
      ),
      symbol_range: "...",
      full_range: "...",
    )),
    field(Field(
      name: "field3",
      type: Type(
        name: "String",
        kind: string,
        symbol_range: "...",
        full_range: "...",
      ),
      symbol_range: "...",
      full_range: "...",
    )),
  ],
  full_range: "...",
  symbol_range: "...",
)
