---
source: src/rules.rs
expression: res
---
Method(
  oneway: false,
  name: "myMethod",
  return_type: Type(
    name: "void",
    kind: void,
    symbol_range: "...",
    full_range: "...",
  ),
  args: [],
  annotations: [
    Annotation(
      name: "@AnnotationName",
    ),
  ],
  symbol_range: "...",
  full_range: "...",
  transact_code_range: "...",
  oneway_range: "...",
)
