---
source: src/rules.rs
expression: res

---
Enum(
  name: "Tomato",
  elements: [
    EnumElement(
      name: "ELEMENT1",
      doc: Some("ELEMENT1 documentation"),
      symbol_range: "...",
      full_range: "...",
    ),
    EnumElement(
      name: "ELEMENT2",
      symbol_range: "...",
      full_range: "...",
    ),
    EnumElement(
      name: "ELEMENT3",
      doc: Some("ELEMENT3 documentation"),
      symbol_range: "...",
      full_range: "...",
    ),
  ],
  doc: Some("Enum documentation"),
  full_range: "...",
  symbol_range: "...",
)
