---
source: src/rules.rs
expression: res

---
Type(
  name: "Map",
  kind: Map,
  generic_types: [
    Type(
      name: "Key",
      kind: Custom,
      symbol_range: "...",
    ),
    Type(
      name: "List",
      kind: List,
      generic_types: [
        Type(
          name: "V",
          kind: Custom,
          symbol_range: "...",
        ),
      ],
      symbol_range: "...",
    ),
  ],
  symbol_range: "...",
)
