---
source: src/ast.rs
expression: "rules::type_(input, &lookup(input))?"

---
Type(
  name: "Map",
  kind: Map,
  generic_types: [
    Type(
      name: "Key",
      kind: Custom,
      generic_types: [],
      definition: None,
      symbol_range: "...",
    ),
    Type(
      name: "List",
      kind: List,
      generic_types: [
        Type(
          name: "V",
          kind: Custom,
          generic_types: [],
          definition: None,
          symbol_range: "...",
        ),
      ],
      definition: None,
      symbol_range: "...",
    ),
  ],
  definition: None,
  symbol_range: "...",
)
