---
source: src/rules.rs
expression: res

---
Member(
  name: "memberName",
  member_type: Type(
    name: "TypeName",
    kind: Custom,
    symbol_range: "...",
  ),
  value: Some("\"member value\""),
  annotations: [
    Annotation(
      name: "@AnnotationName",
    ),
  ],
  symbol_range: "...",
  full_range: "...",
)
