---
source: src/rules.rs
assertion_line: 254
expression: res

---
Parcelable(
  name: "Tomato",
  fields: [
    Field(
      name: "field1",
      type: Type(
        name: "int",
        kind: primitive,
        symbol_range: "...",
        full_range: "...",
      ),
      doc: Some("field1 documentation"),
      symbol_range: "...",
      full_range: "...",
    ),
    Field(
      name: "field2",
      type: Type(
        name: "String",
        kind: string,
        symbol_range: "...",
        full_range: "...",
      ),
      symbol_range: "...",
      full_range: "...",
    ),
  ],
  full_range: "...",
  symbol_range: "...",
)
