---
source: src/rules.rs
assertion_line: 628
expression: res

---
Type(
  name: "Map",
  kind: map,
  generic_types: [
    Type(
      name: "Key",
      kind: custom,
      symbol_range: "...",
    ),
    Type(
      name: "List",
      kind: list,
      generic_types: [
        Type(
          name: "V",
          kind: custom,
          symbol_range: "...",
        ),
      ],
      symbol_range: "...",
    ),
  ],
  symbol_range: "...",
)
