---
source: src/ast.rs
expression: "rules::method_arg(input, &lookup(input))?"

---
Arg(
  direction: Unspecified,
  name: Some("albert"),
  arg_type: Type(
    name: "TypeName",
    kind: Custom,
    generic_types: [],
    definition: None,
    symbol_range: Range(
      start: Position(
        offset: 56,
        line_col: (2, 44),
      ),
      end: Position(
        offset: 64,
        line_col: (2, 52),
      ),
    ),
  ),
  annotations: [
    Annotation(
      key_values: {},
    ),
    Annotation(
      key_values: {
        "AnnotationParam": None,
      },
    ),
  ],
)
