---
source: src/rules.rs
assertion_line: 428
expression: res

---
Method(
  oneway: false,
  name: "myMethod",
  return_type: Type(
    name: "void",
    kind: void,
    symbol_range: "...",
  ),
  args: [],
  annotations: [
    Annotation(
      name: "@AnnotationName",
    ),
  ],
  symbol_range: "...",
  full_range: "...",
  value_range: "...",
  oneway_range: "...",
)
