---
source: src/rules.rs
expression: res

---
Const(
  name: "CONST_NAME",
  const_type: Type(
    name: "TypeName",
    kind: Custom,
    symbol_range: "...",
  ),
  value: "123",
  annotations: [
    Annotation(
      name: "@AnnotationName",
    ),
  ],
  symbol_range: "...",
  full_range: "...",
)
