---
source: src/ast.rs
expression: "rules::constant(input, &lookup(input))?"

---
Const(Const(
  name: "CONST_NAME",
  const_type: Type(
    name: "TypeName",
    kind: Custom,
    generic_types: [],
    definition: None,
    symbol_range: "...",
  ),
  value: "123",
  annotations: [
    Annotation(
      key_values: {},
    ),
  ],
  doc: None,
  symbol_range: "...",
  full_range: "...",
))
